// Jest Snapshot v1, https://goo.gl/fbAQLP

exports[`Connected App should create a connected app 1`] = `
<div
  className="App"
>
  <form
    onSubmit={[Function]}
  >
    <input
      name="todo"
      onChange={[Function]}
      placeholder="Type a todo and press Enter.."
      value=""
    />
  </form>
</div>
`;

exports[`Unconnected App is rendered 1`] = `
<div
  className="App"
>
  <form
    onSubmit={[Function]}
  >
    <input
      name="todo"
      onChange={[Function]}
      placeholder="Type a todo and press Enter.."
      value=""
    />
  </form>
</div>
`;
